Script started on 2020-01-23 10:15:54-05:00 [TERM="xterm-256color" TTY="/dev/pts/0" COLUMNS="94" LINES="23"]
psilves1@g7-19:~/tmp/lab0$ ls ![K~/.shh[K[Ksh
id_rsa	id_rsa.pub  known_hosts
psilves1@g7-19:~/tmp/lab0$ ssh-copy-id -i user![K~[K@remotre[K[Ke
/usr/bin/ssh-copy-id: INFO: Source of key(s) to be installed: "/home/psilves1/.ssh/id_rsa.pub"
The authenticity of host 'remote (128.226.114.201)' can't be established.
ECDSA key fingerprint is SHA256:UEIh1TASIC96TC1hhxVbkVS0DrddNKHk7Q2nzgDCt+Y.
Are you sure you want to continue connecting (yes/no)? yes
/usr/bin/ssh-copy-id: INFO: attempting to log in with the new key(s), to filter out any that are already installed
/usr/bin/ssh-copy-id: INFO: 1 key(s) remain to be installed -- if you are prompted now it is to install the new keys
user@remote's password: 
Permission denied, please try again.
user@remote's password: 
Permission denied, please try again.
user@remote's password: 
q
user@remote: Permission denied (publickey,gssapi-keyex,gssapi-with-mic,password).
psilves1@g7-19:~/tmp/lab0$ q
bash: q: command not found
psilves1@g7-19:~/tmp/lab0$ qssh-copy-id -i user@remote[17Pls ~/.sshssh-copy-id -i user@remote[1P@remote[1P@remote[1P@remote[1P@remotep@remotes@remotei@remotev@remotee@remote[1P@remote[1P@remotel@remotev@remotee@remotes@remote1@remote
/usr/bin/ssh-copy-id: INFO: Source of key(s) to be installed: "/home/psilves1/.ssh/id_rsa.pub"
/usr/bin/ssh-copy-id: INFO: attempting to log in with the new key(s), to filter out any that are already installed
/usr/bin/ssh-copy-id: INFO: 1 key(s) remain to be installed -- if you are prompted now it is to install the new keys
psilves1@remote's password: 

Number of key(s) added: 1

Now try logging into the machine, with:   "ssh 'psilves1@remote'"
and check to make sure that only the key(s) you wanted were added.

psilves1@g7-19:~/tmp/lab0$ emacs . ~umrigar/cs230[K[K40/bin/student/.[K[K.profile
psilves1@g7-19:~/tmp/lab0$ emacs ~/.profile
psilves1@g7-19:~/tmp/lab0$ emacs @[K1[K~/.bach[K[Kshrc
psilves1@g7-19:~/tmp/lab0$ mk dir[K[K[K[Kdir -p [K[K[K[K[K[K[K[K[Kman mkdir
[?1049h[22;0;0t[?1h=MKDIR(1)                               User Commands                               MKDIR(1)[m
[m
[1mNAME[0m[m
       mkdir - make directories[m
[m
[1mSYNOPSIS[0m[m
       [1mmkdir[0m [[4mOPTION[24m]... [4mDIRECTORY[24m...[m
[m
[1mDESCRIPTION[0m[m
       Create the DIRECTORY(ies), if they do not already exist.[m
[m
       Mandatory arguments to long options are mandatory for short options too.[m
[m
       [1m-m[0m, [1m--mode[0m=[4mMODE[24m[m
              set file mode (as in chmod), not a=rwx - umask[m
[m
       [1m-p[0m, [1m--parents[0m[m
              no error if existing, make parent directories as needed[m
[m
       [1m-v[0m, [1m--verbose[0m[m
              print a message for each created directory[m
[m
[7m Manual page mkdir(1) line 1 (press h for help or q to quit)[27m[K[K[?1l>[?1049l[23;0;0tpsilves1@g7-19:~/tmp/lab0$ mkdir -p ~/prje[K[Kojects
psilves1@g7-19:~/tmp/lab0$ cd ![K~p[K/prjo[K[Kojects [K
psilves1@g7-19:~/projects$ git clone ssh://user@remote.cs.binghamton.edu/~umrigar/git-repos/cs240.git
Cloning into 'cs240'...
user@remote.cs.binghamton.edu's password: 
q
Permission denied, please try again.
user@remote.cs.binghamton.edu's password: 

psilves1@g7-19:~/projects$ git clone ssh://user@remote.cs.binghamton.edu/~umrigar/git-repos/cs240.git[A[C[C[C[C[C[C[C[C[C[C[C[C[C[C[C[C[C[C[C[C[C[C[C[C[C[C[C[C[C[C[C[C[C[C[C[C[C[C[C[C[C[C[C[C[C[C[C[C[C[C[C[C[C[C[C[C[C[C[C[C[C[C[C[C[C[C[C[C[C[C[C[C[C[C[C[C[C[C[C[C[C[C[C[C[C[C[C[C[C[C[C[C[C@remote.cs.binghamton.edu/~umrigar/git-repos/cs24[1P0.git[A[C[C[C[C[C[C[C[C[C[C[C[C[C[C[C[C[C[C[C[C[C[C[C[C[C[C[C[C[C[C[C[C[C[C[C[C[C[C[C[C@remote.cs.binghamton.edu/~umrigar/git-repos/cs240[1P.git[A[C[C[C[C[C[C[C[C[C[C[C[C[C[C[C[C[C[C[C[C[C[C[C[C[C[C[C[C[C[C[C[C[C[C[C[C[C[C[C[C@remote.cs.binghamton.edu/~umrigar/git-repos/cs240.[1Pgit[A[C[C[C[C[C[C[C[C[C[C[C[C[C[C[C[C[C[C[C[C[C[C[C[C[C[C[C[C[C[C[C[C[C[C[C[C[C[C[C[C@remote.cs.binghamton.edu/~umrigar/git-repos/cs240.g[1Pit[A[C[C[C[C[C[C[C[C[C[C[C[C[C[C[C[C[C[C[C[C[C[C[C[C[C[C[C[C[C[C[C[C[C[C[C[C[C[C[C[Cp@remote.cs.binghamton.edu/~umrigar/git-repos/cs240.git[A[C[C[C[C[C[C[C[C[C[C[C[C[C[C[C[C[C[C[C[C[C[C[C[C[C[C[C[C[C[C[C[C[C[C[C[C[C[C[C[Ca@remote.cs.binghamton.edu/~umrigar/git-repos/cs240.git[A[C[C[C[C[C[C[C[C[C[C[C[C[C[C[C[C[C[C[C[C[C[C[C[C[C[C[C[C[C[C[C[C[C[C[C[C[C[C[C[Cu@remote.cs.binghamton.edu/~umrigar/git-repos/cs240.git[A[C[C[C[C[C[C[C[C[C[C[C[C[C[C[C[C[C[C[C[C[C[C[C[C[C[C[C[C[C[C[C[C[C[C[C[C[C[C[C[Cl@remote.cs.binghamton.edu/~umrigar/git-repos/cs240.git[A[C[C[C[C[C[C[C[C[C[C[C[C[C[C[C[C[C[C[C[C[C[C[C[C[C[C[C[C[C[C[C[C[C[C[C[C[C[C[C[C@remote.cs.binghamton.edu/~umrigar/git-repos/cs24[1P0.git[A[C[C[C[C[C[C[C[C[C[C[C[C[C[C[C[C[C[C[C[C[C[C[C[C[C[C[C[C[C[C[C[C[C[C[C[C[C[C[C[C@remote.cs.binghamton.edu/~umrigar/git-repos/cs240[1P.git[A[C[C[C[C[C[C[C[C[C[C[C[C[C[C[C[C[C[C[C[C[C[C[C[C[C[C[C[C[C[C[C[C[C[C[C[C[C[C[C[C@remote.cs.binghamton.edu/~umrigar/git-repos/cs240.[1Pgit[A[C[C[C[C[C[C[C[C[C[C[C[C[C[C[C[C[C[C[C[C[C[C[C[C[C[C[C[C[C[C[C[C[C[C[C[C[C[C[C[C@remote.cs.binghamton.edu/~umrigar/git-repos/cs240.g[1Pit[A[C[C[C[C[C[C[C[C[C[C[C[C[C[C[C[C[C[C[C[C[C[C[C[C[C[C[C[C[C[C[C[C[C[C[C[C[C[C[C[Cp@remote.cs.binghamton.edu/~umrigar/git-repos/cs240.git[A[C[C[C[C[C[C[C[C[C[C[C[C[C[C[C[C[C[C[C[C[C[C[C[C[C[C[C[C[C[C[C[C[C[C[C[C[C[C[C[Cs@remote.cs.binghamton.edu/~umrigar/git-repos/cs240.git[A[C[C[C[C[C[C[C[C[C[C[C[C[C[C[C[C[C[C[C[C[C[C[C[C[C[C[C[C[C[C[C[C[C[C[C[C[C[C[C[Ci@remote.cs.binghamton.edu/~umrigar/git-repos/cs240.git[A[C[C[C[C[C[C[C[C[C[C[C[C[C[C[C[C[C[C[C[C[C[C[C[C[C[C[C[C[C[C[C[C[C[C[C[C[C[C[C[Cl@remote.cs.binghamton.edu/~umrigar/git-repos/cs240.git[A[C[C[C[C[C[C[C[C[C[C[C[C[C[C[C[C[C[C[C[C[C[C[C[C[C[C[C[C[C[C[C[C[C[C[C[C[C[C[C[Cv@remote.cs.binghamton.edu/~umrigar/git-repos/cs240.git[A[C[C[C[C[C[C[C[C[C[C[C[C[C[C[C[C[C[C[C[C[C[C[C[C[C[C[C[C[C[C[C[C[C[C[C[C[C[C[C[Ce@remote.cs.binghamton.edu/~umrigar/git-repos/cs240.git[A[C[C[C[C[C[C[C[C[C[C[C[C[C[C[C[C[C[C[C[C[C[C[C[C[C[C[C[C[C[C[C[C[C[C[C[C[C[C[C[Cs@remote.cs.binghamton.edu/~umrigar/git-repos/cs240.git[A[C[C[C[C[C[C[C[C[C[C[C[C[C[C[C[C[C[C[C[C[C[C[C[C[C[C[C[C[C[C[C[C[C[C[C[C[C[C[C[C1@remote.cs.binghamton.edu/~umrigar/git-repos/cs240.git[A[C[C[C[C[C[C[C[C[C[C[C[C[C[C[C[C[C[C[C[C[C[C[C[C[C[C[C[C[C[C[C[C[C[C[C[C[C[C[C[C

Cloning into 'cs240'...
/home/psilves1/.bashrc: line 1: /home/umrigar/cs240/bin/student.rc: Permission denied
remote: Enumerating objects: 203, done.[K
remote: Counting objects:   0% (1/203)   [Kremote: Counting objects:   1% (3/203)   [Kremote: Counting objects:   2% (5/203)   [Kremote: Counting objects:   3% (7/203)   [Kremote: Counting objects:   4% (9/203)   [Kremote: Counting objects:   5% (11/203)   [Kremote: Counting objects:   6% (13/203)   [Kremote: Counting objects:   7% (15/203)   [Kremote: Counting objects:   8% (17/203)   [Kremote: Counting objects:   9% (19/203)   [Kremote: Counting objects:  10% (21/203)   [Kremote: Counting objects:  11% (23/203)   [Kremote: Counting objects:  12% (25/203)   [Kremote: Counting objects:  13% (27/203)   [Kremote: Counting objects:  14% (29/203)   [Kremote: Counting objects:  15% (31/203)   [Kremote: Counting objects:  16% (33/203)   [Kremote: Counting objects:  17% (35/203)   [Kremote: Counting objects:  18% (37/203)   [Kremote: Counting objects:  19% (39/203)   [Kremote: Counting objects:  20% (41/203)   [Kremote: Counting objects:  21% (43/203)   [Kremote: Counting objects:  22% (45/203)   [Kremote: Counting objects:  23% (47/203)   [Kremote: Counting objects:  24% (49/203)   [Kremote: Counting objects:  25% (51/203)   [Kremote: Counting objects:  26% (53/203)   [Kremote: Counting objects:  27% (55/203)   [Kremote: Counting objects:  28% (57/203)   [Kremote: Counting objects:  29% (59/203)   [Kremote: Counting objects:  30% (61/203)   [Kremote: Counting objects:  31% (63/203)   [Kremote: Counting objects:  32% (65/203)   [Kremote: Counting objects:  33% (67/203)   [Kremote: Counting objects:  34% (70/203)   [Kremote: Counting objects:  35% (72/203)   [Kremote: Counting objects:  36% (74/203)   [Kremote: Counting objects:  37% (76/203)   [Kremote: Counting objects:  38% (78/203)   [Kremote: Counting objects:  39% (80/203)   [Kremote: Counting objects:  40% (82/203)   [Kremote: Counting objects:  41% (84/203)   [Kremote: Counting objects:  42% (86/203)   [Kremote: Counting objects:  43% (88/203)   [Kremote: Counting objects:  44% (90/203)   [Kremote: Counting objects:  45% (92/203)   [Kremote: Counting objects:  46% (94/203)   [Kremote: Counting objects:  47% (96/203)   [Kremote: Counting objects:  48% (98/203)   [Kremote: Counting objects:  49% (100/203)   [Kremote: Counting objects:  50% (102/203)   [Kremote: Counting objects:  51% (104/203)   [Kremote: Counting objects:  52% (106/203)   [Kremote: Counting objects:  53% (108/203)   [Kremote: Counting objects:  54% (110/203)   [Kremote: Counting objects:  55% (112/203)   [Kremote: Counting objects:  56% (114/203)   [Kremote: Counting objects:  57% (116/203)   [Kremote: Counting objects:  58% (118/203)   [Kremote: Counting objects:  59% (120/203)   [Kremote: Counting objects:  60% (122/203)   [Kremote: Counting objects:  61% (124/203)   [Kremote: Counting objects:  62% (126/203)   [Kremote: Counting objects:  63% (128/203)   [Kremote: Counting objects:  64% (130/203)   [Kremote: Counting objects:  65% (132/203)   [Kremote: Counting objects:  66% (134/203)   [Kremote: Counting objects:  67% (137/203)   [Kremote: Counting objects:  68% (139/203)   [Kremote: Counting objects:  69% (141/203)   [Kremote: Counting objects:  70% (143/203)   [Kremote: Counting objects:  71% (145/203)   [Kremote: Counting objects:  72% (147/203)   [Kremote: Counting objects:  73% (149/203)   [Kremote: Counting objects:  74% (151/203)   [Kremote: Counting objects:  75% (153/203)   [Kremote: Counting objects:  76% (155/203)   [Kremote: Counting objects:  77% (157/203)   [Kremote: Counting objects:  78% (159/203)   [Kremote: Counting objects:  79% (161/203)   [Kremote: Counting objects:  80% (163/203)   [Kremote: Counting objects:  81% (165/203)   [Kremote: Counting objects:  82% (167/203)   [Kremote: Counting objects:  83% (169/203)   [Kremote: Counting objects:  84% (171/203)   [Kremote: Counting objects:  85% (173/203)   [Kremote: Counting objects:  86% (175/203)   [Kremote: Counting objects:  87% (177/203)   [Kremote: Counting objects:  88% (179/203)   [Kremote: Counting objects:  89% (181/203)   [Kremote: Counting objects:  90% (183/203)   [Kremote: Counting objects:  91% (185/203)   [Kremote: Counting objects:  92% (187/203)   [Kremote: Counting objects:  93% (189/203)   [Kremote: Counting objects:  94% (191/203)   [Kremote: Counting objects:  95% (193/203)   [Kremote: Counting objects:  96% (195/203)   [Kremote: Counting objects:  97% (197/203)   [Kremote: Counting objects:  98% (199/203)   [Kremote: Counting objects:  99% (201/203)   [Kremote: Counting objects: 100% (203/203)   [Kremote: Counting objects: 100% (203/203), done.[K
remote: Compressing objects:   0% (1/194)   [Kremote: Compressing objects:   1% (2/194)   [Kremote: Compressing objects:   2% (4/194)   [Kremote: Compressing objects:   3% (6/194)   [Kremote: Compressing objects:   4% (8/194)   [Kremote: Compressing objects:   5% (10/194)   [Kremote: Compressing objects:   6% (12/194)   [Kremote: Compressing objects:   7% (14/194)   [Kremote: Compressing objects:   8% (16/194)   [Kremote: Compressing objects:   9% (18/194)   [Kremote: Compressing objects:  10% (20/194)   [Kremote: Compressing objects:  11% (22/194)   [Kremote: Compressing objects:  12% (24/194)   [Kremote: Compressing objects:  13% (26/194)   [Kremote: Compressing objects:  14% (28/194)   [Kremote: Compressing objects:  15% (30/194)   [Kremote: Compressing objects:  16% (32/194)   [Kremote: Compressing objects:  17% (33/194)   [Kremote: Compressing objects:  18% (35/194)   [Kremote: Compressing objects:  19% (37/194)   [Kremote: Compressing objects:  20% (39/194)   [Kremote: Compressing objects:  21% (41/194)   [Kremote: Compressing objects:  22% (43/194)   [Kremote: Compressing objects:  23% (45/194)   [Kremote: Compressing objects:  24% (47/194)   [Kremote: Compressing objects:  25% (49/194)   [Kremote: Compressing objects:  26% (51/194)   [Kremote: Compressing objects:  27% (53/194)   [Kremote: Compressing objects:  28% (55/194)   [Kremote: Compressing objects:  29% (57/194)   [Kremote: Compressing objects:  30% (59/194)   [Kremote: Compressing objects:  31% (61/194)   [Kremote: Compressing objects:  32% (63/194)   [Kremote: Compressing objects:  33% (65/194)   [Kremote: Compressing objects:  34% (66/194)   [Kremote: Compressing objects:  35% (68/194)   [Kremote: Compressing objects:  36% (70/194)   [Kremote: Compressing objects:  37% (72/194)   [Kremote: Compressing objects:  38% (74/194)   [Kremote: Compressing objects:  39% (76/194)   [Kremote: Compressing objects:  40% (78/194)   [Kremote: Compressing objects:  41% (80/194)   [Kremote: Compressing objects:  42% (82/194)   [Kremote: Compressing objects:  43% (84/194)   [Kremote: Compressing objects:  44% (86/194)   [Kremote: Compressing objects:  45% (88/194)   [Kremote: Compressing objects:  46% (90/194)   [Kremote: Compressing objects:  47% (92/194)   [Kremote: Compressing objects:  48% (94/194)   [Kremote: Compressing objects:  49% (96/194)   [Kremote: Compressing objects:  50% (97/194)   [Kremote: Compressing objects:  51% (99/194)   [Kremote: Compressing objects:  52% (101/194)   [Kremote: Compressing objects:  53% (103/194)   [Kremote: Compressing objects:  54% (105/194)   [Kremote: Compressing objects:  55% (107/194)   [Kremote: Compressing objects:  56% (109/194)   [Kremote: Compressing objects:  57% (111/194)   [Kremote: Compressing objects:  58% (113/194)   [Kremote: Compressing objects:  59% (115/194)   [Kremote: Compressing objects:  60% (117/194)   [Kremote: Compressing objects:  61% (119/194)   [Kremote: Compressing objects:  62% (121/194)   [Kremote: Compressing objects:  63% (123/194)   [Kremote: Compressing objects:  64% (125/194)   [Kremote: Compressing objects:  65% (127/194)   [Kremote: Compressing objects:  66% (129/194)   [Kremote: Compressing objects:  67% (130/194)   [Kremote: Compressing objects:  68% (132/194)   [Kremote: Compressing objects:  69% (134/194)   [Kremote: Compressing objects:  70% (136/194)   [Kremote: Compressing objects:  71% (138/194)   [Kremote: Compressing objects:  72% (140/194)   [Kremote: Compressing objects:  73% (142/194)   [Kremote: Compressing objects:  74% (144/194)   [Kremote: Compressing objects:  75% (146/194)   [Kremote: Compressing objects:  76% (148/194)   [Kremote: Compressing objects:  77% (150/194)   [Kremote: Compressing objects:  78% (152/194)   [Kremote: Compressing objects:  79% (154/194)   [Kremote: Compressing objects:  80% (156/194)   [Kremote: Compressing objects:  81% (158/194)   [Kremote: Compressing objects:  82% (160/194)   [Kremote: Compressing objects:  83% (162/194)   [Kremote: Compressing objects:  84% (163/194)   [Kremote: Compressing objects:  85% (165/194)   [Kremote: Compressing objects:  86% (167/194)   [Kremote: Compressing objects:  87% (169/194)   [Kremote: Compressing objects:  88% (171/194)   [Kremote: Compressing objects:  89% (173/194)   [Kremote: Compressing objects:  90% (175/194)   [Kremote: Compressing objects:  91% (177/194)   [Kremote: Compressing objects:  92% (179/194)   [Kremote: Compressing objects:  93% (181/194)   [Kremote: Compressing objects:  94% (183/194)   [Kremote: Compressing objects:  95% (185/194)   [Kremote: Compressing objects:  96% (187/194)   [Kremote: Compressing objects:  97% (189/194)   [Kremote: Compressing objects:  98% (191/194)   [Kremote: Compressing objects:  99% (193/194)   [Kremote: Compressing objects: 100% (194/194)   [Kremote: Compressing objects: 100% (194/194), done.[K
Receiving objects:   0% (1/203)   Receiving objects:   1% (3/203)   Receiving objects:   2% (5/203)   Receiving objects:   3% (7/203)   Receiving objects:   4% (9/203)   Receiving objects:   5% (11/203)   Receiving objects:   6% (13/203)   Receiving objects:   7% (15/203)   Receiving objects:   8% (17/203)   Receiving objects:   9% (19/203)   Receiving objects:  10% (21/203)   Receiving objects:  11% (23/203)   Receiving objects:  12% (25/203)   Receiving objects:  13% (27/203)   Receiving objects:  14% (29/203)   Receiving objects:  15% (31/203)   Receiving objects:  16% (33/203)   Receiving objects:  17% (35/203)   Receiving objects:  18% (37/203)   Receiving objects:  19% (39/203)   Receiving objects:  20% (41/203)   Receiving objects:  21% (43/203)   Receiving objects:  22% (45/203)   Receiving objects:  23% (47/203)   Receiving objects:  24% (49/203)   Receiving objects:  25% (51/203)   Receiving objects:  26% (53/203)   Receiving objects:  27% (55/203)   Receiving objects:  28% (57/203)   Receiving objects:  29% (59/203)   Receiving objects:  30% (61/203)   Receiving objects:  31% (63/203)   Receiving objects:  32% (65/203)   Receiving objects:  33% (67/203)   Receiving objects:  34% (70/203)   Receiving objects:  35% (72/203)   Receiving objects:  36% (74/203)   Receiving objects:  37% (76/203)   Receiving objects:  38% (78/203)   Receiving objects:  39% (80/203)   Receiving objects:  40% (82/203)   Receiving objects:  41% (84/203)   Receiving objects:  42% (86/203)   Receiving objects:  43% (88/203)   Receiving objects:  44% (90/203)   Receiving objects:  45% (92/203)   Receiving objects:  46% (94/203)   Receiving objects:  47% (96/203)   Receiving objects:  48% (98/203)   Receiving objects:  49% (100/203)   Receiving objects:  50% (102/203)   Receiving objects:  51% (104/203)   Receiving objects:  52% (106/203)   Receiving objects:  53% (108/203)   Receiving objects:  54% (110/203)   Receiving objects:  55% (112/203)   Receiving objects:  56% (114/203)   Receiving objects:  57% (116/203)   Receiving objects:  58% (118/203), 2.75 MiB | 5.47 MiB/s   Receiving objects:  59% (120/203), 2.75 MiB | 5.47 MiB/s   Receiving objects:  60% (122/203), 2.75 MiB | 5.47 MiB/s   Receiving objects:  61% (124/203), 2.75 MiB | 5.47 MiB/s   Receiving objects:  62% (126/203), 2.75 MiB | 5.47 MiB/s   Receiving objects:  63% (128/203), 2.75 MiB | 5.47 MiB/s   Receiving objects:  64% (130/203), 2.75 MiB | 5.47 MiB/s   Receiving objects:  65% (132/203), 2.75 MiB | 5.47 MiB/s   Receiving objects:  66% (134/203), 2.75 MiB | 5.47 MiB/s   Receiving objects:  67% (137/203), 2.75 MiB | 5.47 MiB/s   Receiving objects:  68% (139/203), 2.75 MiB | 5.47 MiB/s   Receiving objects:  69% (141/203), 2.75 MiB | 5.47 MiB/s   Receiving objects:  70% (143/203), 2.75 MiB | 5.47 MiB/s   Receiving objects:  71% (145/203), 2.75 MiB | 5.47 MiB/s   Receiving objects:  72% (147/203), 2.75 MiB | 5.47 MiB/s   Receiving objects:  73% (149/203), 2.75 MiB | 5.47 MiB/s   Receiving objects:  74% (151/203), 2.75 MiB | 5.47 MiB/s   Receiving objects:  75% (153/203), 2.75 MiB | 5.47 MiB/s   Receiving objects:  76% (155/203), 2.75 MiB | 5.47 MiB/s   Receiving objects:  77% (157/203), 2.75 MiB | 5.47 MiB/s   Receiving objects:  78% (159/203), 2.75 MiB | 5.47 MiB/s   Receiving objects:  79% (161/203), 2.75 MiB | 5.47 MiB/s   Receiving objects:  80% (163/203), 2.75 MiB | 5.47 MiB/s   Receiving objects:  81% (165/203), 2.75 MiB | 5.47 MiB/s   Receiving objects:  82% (167/203), 2.75 MiB | 5.47 MiB/s   Receiving objects:  83% (169/203), 2.75 MiB | 5.47 MiB/s   Receiving objects:  84% (171/203), 2.75 MiB | 5.47 MiB/s   Receiving objects:  85% (173/203), 2.75 MiB | 5.47 MiB/s   remote: Total 203 (delta 84), reused 0 (delta 0)[K
Receiving objects:  86% (175/203), 2.75 MiB | 5.47 MiB/s   Receiving objects:  87% (177/203), 2.75 MiB | 5.47 MiB/s   Receiving objects:  88% (179/203), 2.75 MiB | 5.47 MiB/s   Receiving objects:  89% (181/203), 2.75 MiB | 5.47 MiB/s   Receiving objects:  90% (183/203), 2.75 MiB | 5.47 MiB/s   Receiving objects:  91% (185/203), 2.75 MiB | 5.47 MiB/s   Receiving objects:  92% (187/203), 2.75 MiB | 5.47 MiB/s   Receiving objects:  93% (189/203), 2.75 MiB | 5.47 MiB/s   Receiving objects:  94% (191/203), 2.75 MiB | 5.47 MiB/s   Receiving objects:  95% (193/203), 2.75 MiB | 5.47 MiB/s   Receiving objects:  96% (195/203), 2.75 MiB | 5.47 MiB/s   Receiving objects:  97% (197/203), 2.75 MiB | 5.47 MiB/s   Receiving objects:  98% (199/203), 2.75 MiB | 5.47 MiB/s   Receiving objects:  99% (201/203), 2.75 MiB | 5.47 MiB/s   Receiving objects: 100% (203/203), 2.75 MiB | 5.47 MiB/s   Receiving objects: 100% (203/203), 3.04 MiB | 5.73 MiB/s, done.
Resolving deltas:   0% (0/84)   Resolving deltas:   5% (5/84)   Resolving deltas:   9% (8/84)   Resolving deltas:  10% (9/84)   Resolving deltas:  11% (10/84)   Resolving deltas:  13% (11/84)   Resolving deltas:  16% (14/84)   Resolving deltas:  29% (25/84)   Resolving deltas:  34% (29/84)   Resolving deltas:  45% (38/84)   Resolving deltas:  47% (40/84)   Resolving deltas:  51% (43/84)   Resolving deltas:  53% (45/84)   Resolving deltas:  54% (46/84)   Resolving deltas:  55% (47/84)   Resolving deltas:  60% (51/84)   Resolving deltas:  61% (52/84)   Resolving deltas:  64% (54/84)   Resolving deltas:  65% (55/84)   Resolving deltas:  67% (57/84)   Resolving deltas:  69% (58/84)   Resolving deltas:  71% (60/84)   Resolving deltas:  79% (67/84)   Resolving deltas:  82% (69/84)   Resolving deltas:  83% (70/84)   Resolving deltas:  84% (71/84)   Resolving deltas:  85% (72/84)   Resolving deltas:  86% (73/84)   Resolving deltas:  89% (75/84)   Resolving deltas:  97% (82/84)   Resolving deltas: 100% (84/84)   Resolving deltas: 100% (84/84), done.
psilves1@g7-19:~/projects$ cd ~
psilves1@g7-19:~$ ln l[K0s[K[K-s prjec[K[K[Kojects [K/cs23[K40
psilves1@g7-19:~$ ln -s projects/cs240 .
ln: failed to create symbolic link './cs240': File exists
psilves1@g7-19:~$ rm prj[Kojec[K[K[K[K[K[K[K[K[Kls
'~'	   cs220     Documents	   git-repos   ls.log	  projects   Templates
 Arduino   cs240     Downloads	   i220b       Music	 '~.pub'     tmp
 cs120	   Desktop  '~git-repos'   lab	       Pictures   Public     Videos
psilves1@g7-19:~$ cd [K[K[Kcd ~/git-repos/cd[Ks240
bash: cd: /home/psilves1/git-repos/cs240: No such file or directory
psilves1@g7-19:~$ cd cs230[K[K40
psilves1@g7-19:~/cs240$ ls
announce.html  assets  exams-quizzes  hws	  index.umt  misc      README.md  umt.make
announce.umt   docs    exercises      index.html  labs	     projects  slides
psilves1@g7-19:~/cs240$ cd ..
psilves1@g7-19:~$ i[Kgit[K[K[Kcd ..[3Plscd cs240
psilves1@g7-19:~/cs240$ gitp[K pull
/home/psilves1/.bashrc: line 1: /home/umrigar/cs240/bin/student.rc: Permission denied
Already up to date.
psilves1@g7-19:~/cs240$ cd ..
psilves1@g7-19:~$ ls
'~'	   cs220     Documents	   git-repos   ls.log	  projects   Templates
 Arduino   cs240     Downloads	   i220b       Music	 '~.pub'     tmp
 cs120	   Desktop  '~git-repos'   lab	       Pictures   Public     Videos
psilves1@g7-19:~$ rm pr[K[K-r pj[Krojects
rm: remove write-protected regular file 'projects/cs240/.git/objects/pack/pack-6d357f0a40eca4a463401e56d6c5b2384bf92802.pack'? yse  es
rm: remove write-protected regular file 'projects/cs240/.git/objects/pack/pack-6d357f0a40eca4a463401e56d6c5b2384bf92802.idx'? yes
psilves1@g7-19:~$ rm cs240
psilves1@g7-19:~$ ls
'~'	   cs220       Downloads     i220b    Music	 Public      Videos
 Arduino   Desktop    '~git-repos'   lab      Pictures	 Templates
 cs120	   Documents   git-repos     ls.log  '~.pub'	 tmp
psilves1@g7-19:~$ mkdir - p[K[Kp  [K~/projects
psilves1@g7-19:~$ cd ~/projects
psilves1@g7-19:~/projects$ gi [Kt clone ssh://user@remote.cs.binghamton.edu/~umrigar/git-repos/cs240.git[A[C[C[C[C[C[C[C[C[C[C[C[C[C[C[C[C[C[C[C[C[C[C[C[C[C[C[C[C[C[C[C[C[C[C[C[C[C[C[C[C@remote.cs.binghamton.edu/~umrigar/git-repos/cs24[1P0.git[A[C[C[C[C[C[C[C[C[C[C[C[C[C[C[C[C[C[C[C[C[C[C[C[C[C[C[C[C[C[C[C[C[C[C[C[C[C[C[C[C@remote.cs.binghamton.edu/~umrigar/git-repos/cs240[1P.git[A[C[C[C[C[C[C[C[C[C[C[C[C[C[C[C[C[C[C[C[C[C[C[C[C[C[C[C[C[C[C[C[C[C[C[C[C[C[C[C[C@remote.cs.binghamton.edu/~umrigar/git-repos/cs240.[1Pgit[A[C[C[C[C[C[C[C[C[C[C[C[C[C[C[C[C[C[C[C[C[C[C[C[C[C[C[C[C[C[C[C[C[C[C[C[C[C[C[C[C@remote.cs.binghamton.edu/~umrigar/git-repos/cs240.g[1Pit[A[C[C[C[C[C[C[C[C[C[C[C[C[C[C[C[C[C[C[C[C[C[C[C[C[C[C[C[C[C[C[C[C[C[C[C[C[C[C[C[Cp@remote.cs.binghamton.edu/~umrigar/git-repos/cs240.git[A[C[C[C[C[C[C[C[C[C[C[C[C[C[C[C[C[C[C[C[C[C[C[C[C[C[C[C[C[C[C[C[C[C[C[C[C[C[C[C[Cs@remote.cs.binghamton.edu/~umrigar/git-repos/cs240.git[A[C[C[C[C[C[C[C[C[C[C[C[C[C[C[C[C[C[C[C[C[C[C[C[C[C[C[C[C[C[C[C[C[C[C[C[C[C[C[C[Cl@remote.cs.binghamton.edu/~umrigar/git-repos/cs240.git[A[C[C[C[C[C[C[C[C[C[C[C[C[C[C[C[C[C[C[C[C[C[C[C[C[C[C[C[C[C[C[C[C[C[C[C[C[C[C[C[Cv@remote.cs.binghamton.edu/~umrigar/git-repos/cs240.git[A[C[C[C[C[C[C[C[C[C[C[C[C[C[C[C[C[C[C[C[C[C[C[C[C[C[C[C[C[C[C[C[C[C[C[C[C[C[C[C[C@remote.cs.binghamton.edu/~umrigar/git-repos/cs24[1P0.git[A[C[C[C[C[C[C[C[C[C[C[C[C[C[C[C[C[C[C[C[C[C[C[C[C[C[C[C[C[C[C[C[C[C[C[C[C[C[C[C[C@remote.cs.binghamton.edu/~umrigar/git-repos/cs240[1P.git[A[C[C[C[C[C[C[C[C[C[C[C[C[C[C[C[C[C[C[C[C[C[C[C[C[C[C[C[C[C[C[C[C[C[C[C[C[C[C[C[Ci@remote.cs.binghamton.edu/~umrigar/git-repos/cs240.git[A[C[C[C[C[C[C[C[C[C[C[C[C[C[C[C[C[C[C[C[C[C[C[C[C[C[C[C[C[C[C[C[C[C[C[C[C[C[C[C[Cl@remote.cs.binghamton.edu/~umrigar/git-repos/cs240.git[A[C[C[C[C[C[C[C[C[C[C[C[C[C[C[C[C[C[C[C[C[C[C[C[C[C[C[C[C[C[C[C[C[C[C[C[C[C[C[C[Cv@remote.cs.binghamton.edu/~umrigar/git-repos/cs240.git[A[C[C[C[C[C[C[C[C[C[C[C[C[C[C[C[C[C[C[C[C[C[C[C[C[C[C[C[C[C[C[C[C[C[C[C[C[C[C[C[Ce@remote.cs.binghamton.edu/~umrigar/git-repos/cs240.git[A[C[C[C[C[C[C[C[C[C[C[C[C[C[C[C[C[C[C[C[C[C[C[C[C[C[C[C[C[C[C[C[C[C[C[C[C[C[C[C[Cs@remote.cs.binghamton.edu/~umrigar/git-repos/cs240.git[A[C[C[C[C[C[C[C[C[C[C[C[C[C[C[C[C[C[C[C[C[C[C[C[C[C[C[C[C[C[C[C[C[C[C[C[C[C[C[C[C1@remote.cs.binghamton.edu/~umrigar/git-repos/cs240.git[A[C[C[C[C[C[C[C[C[C[C[C[C[C[C[C[C[C[C[C[C[C[C[C[C[C[C[C[C[C[C[C[C[C[C[C[C[C[C[C[C

Cloning into 'cs240'...
/home/psilves1/.bashrc: line 1: /home/umrigar/cs240/bin/student.rc: Permission denied
remote: Enumerating objects: 203, done.[K
remote: Counting objects:   0% (1/203)   [Kremote: Counting objects:   1% (3/203)   [Kremote: Counting objects:   2% (5/203)   [Kremote: Counting objects:   3% (7/203)   [Kremote: Counting objects:   4% (9/203)   [Kremote: Counting objects:   5% (11/203)   [Kremote: Counting objects:   6% (13/203)   [Kremote: Counting objects:   7% (15/203)   [Kremote: Counting objects:   8% (17/203)   [Kremote: Counting objects:   9% (19/203)   [Kremote: Counting objects:  10% (21/203)   [Kremote: Counting objects:  11% (23/203)   [Kremote: Counting objects:  12% (25/203)   [Kremote: Counting objects:  13% (27/203)   [Kremote: Counting objects:  14% (29/203)   [Kremote: Counting objects:  15% (31/203)   [Kremote: Counting objects:  16% (33/203)   [Kremote: Counting objects:  17% (35/203)   [Kremote: Counting objects:  18% (37/203)   [Kremote: Counting objects:  19% (39/203)   [Kremote: Counting objects:  20% (41/203)   [Kremote: Counting objects:  21% (43/203)   [Kremote: Counting objects:  22% (45/203)   [Kremote: Counting objects:  23% (47/203)   [Kremote: Counting objects:  24% (49/203)   [Kremote: Counting objects:  25% (51/203)   [Kremote: Counting objects:  26% (53/203)   [Kremote: Counting objects:  27% (55/203)   [Kremote: Counting objects:  28% (57/203)   [Kremote: Counting objects:  29% (59/203)   [Kremote: Counting objects:  30% (61/203)   [Kremote: Counting objects:  31% (63/203)   [Kremote: Counting objects:  32% (65/203)   [Kremote: Counting objects:  33% (67/203)   [Kremote: Counting objects:  34% (70/203)   [Kremote: Counting objects:  35% (72/203)   [Kremote: Counting objects:  36% (74/203)   [Kremote: Counting objects:  37% (76/203)   [Kremote: Counting objects:  38% (78/203)   [Kremote: Counting objects:  39% (80/203)   [Kremote: Counting objects:  40% (82/203)   [Kremote: Counting objects:  41% (84/203)   [Kremote: Counting objects:  42% (86/203)   [Kremote: Counting objects:  43% (88/203)   [Kremote: Counting objects:  44% (90/203)   [Kremote: Counting objects:  45% (92/203)   [Kremote: Counting objects:  46% (94/203)   [Kremote: Counting objects:  47% (96/203)   [Kremote: Counting objects:  48% (98/203)   [Kremote: Counting objects:  49% (100/203)   [Kremote: Counting objects:  50% (102/203)   [Kremote: Counting objects:  51% (104/203)   [Kremote: Counting objects:  52% (106/203)   [Kremote: Counting objects:  53% (108/203)   [Kremote: Counting objects:  54% (110/203)   [Kremote: Counting objects:  55% (112/203)   [Kremote: Counting objects:  56% (114/203)   [Kremote: Counting objects:  57% (116/203)   [Kremote: Counting objects:  58% (118/203)   [Kremote: Counting objects:  59% (120/203)   [Kremote: Counting objects:  60% (122/203)   [Kremote: Counting objects:  61% (124/203)   [Kremote: Counting objects:  62% (126/203)   [Kremote: Counting objects:  63% (128/203)   [Kremote: Counting objects:  64% (130/203)   [Kremote: Counting objects:  65% (132/203)   [Kremote: Counting objects:  66% (134/203)   [Kremote: Counting objects:  67% (137/203)   [Kremote: Counting objects:  68% (139/203)   [Kremote: Counting objects:  69% (141/203)   [Kremote: Counting objects:  70% (143/203)   [Kremote: Counting objects:  71% (145/203)   [Kremote: Counting objects:  72% (147/203)   [Kremote: Counting objects:  73% (149/203)   [Kremote: Counting objects:  74% (151/203)   [Kremote: Counting objects:  75% (153/203)   [Kremote: Counting objects:  76% (155/203)   [Kremote: Counting objects:  77% (157/203)   [Kremote: Counting objects:  78% (159/203)   [Kremote: Counting objects:  79% (161/203)   [Kremote: Counting objects:  80% (163/203)   [Kremote: Counting objects:  81% (165/203)   [Kremote: Counting objects:  82% (167/203)   [Kremote: Counting objects:  83% (169/203)   [Kremote: Counting objects:  84% (171/203)   [Kremote: Counting objects:  85% (173/203)   [Kremote: Counting objects:  86% (175/203)   [Kremote: Counting objects:  87% (177/203)   [Kremote: Counting objects:  88% (179/203)   [Kremote: Counting objects:  89% (181/203)   [Kremote: Counting objects:  90% (183/203)   [Kremote: Counting objects:  91% (185/203)   [Kremote: Counting objects:  92% (187/203)   [Kremote: Counting objects:  93% (189/203)   [Kremote: Counting objects:  94% (191/203)   [Kremote: Counting objects:  95% (193/203)   [Kremote: Counting objects:  96% (195/203)   [Kremote: Counting objects:  97% (197/203)   [Kremote: Counting objects:  98% (199/203)   [Kremote: Counting objects:  99% (201/203)   [Kremote: Counting objects: 100% (203/203)   [Kremote: Counting objects: 100% (203/203), done.[K
remote: Compressing objects:   0% (1/194)   [Kremote: Compressing objects:   1% (2/194)   [Kremote: Compressing objects:   2% (4/194)   [Kremote: Compressing objects:   3% (6/194)   [Kremote: Compressing objects:   4% (8/194)   [Kremote: Compressing objects:   5% (10/194)   [Kremote: Compressing objects:   6% (12/194)   [Kremote: Compressing objects:   7% (14/194)   [Kremote: Compressing objects:   8% (16/194)   [Kremote: Compressing objects:   9% (18/194)   [Kremote: Compressing objects:  10% (20/194)   [Kremote: Compressing objects:  11% (22/194)   [Kremote: Compressing objects:  12% (24/194)   [Kremote: Compressing objects:  13% (26/194)   [Kremote: Compressing objects:  14% (28/194)   [Kremote: Compressing objects:  15% (30/194)   [Kremote: Compressing objects:  16% (32/194)   [Kremote: Compressing objects:  17% (33/194)   [Kremote: Compressing objects:  18% (35/194)   [Kremote: Compressing objects:  19% (37/194)   [Kremote: Compressing objects:  20% (39/194)   [Kremote: Compressing objects:  21% (41/194)   [Kremote: Compressing objects:  22% (43/194)   [Kremote: Compressing objects:  23% (45/194)   [Kremote: Compressing objects:  24% (47/194)   [Kremote: Compressing objects:  25% (49/194)   [Kremote: Compressing objects:  26% (51/194)   [Kremote: Compressing objects:  27% (53/194)   [Kremote: Compressing objects:  28% (55/194)   [Kremote: Compressing objects:  29% (57/194)   [Kremote: Compressing objects:  30% (59/194)   [Kremote: Compressing objects:  31% (61/194)   [Kremote: Compressing objects:  32% (63/194)   [Kremote: Compressing objects:  33% (65/194)   [Kremote: Compressing objects:  34% (66/194)   [Kremote: Compressing objects:  35% (68/194)   [Kremote: Compressing objects:  36% (70/194)   [Kremote: Compressing objects:  37% (72/194)   [Kremote: Compressing objects:  38% (74/194)   [Kremote: Compressing objects:  39% (76/194)   [Kremote: Compressing objects:  40% (78/194)   [Kremote: Compressing objects:  41% (80/194)   [Kremote: Compressing objects:  42% (82/194)   [Kremote: Compressing objects:  43% (84/194)   [Kremote: Compressing objects:  44% (86/194)   [Kremote: Compressing objects:  45% (88/194)   [Kremote: Compressing objects:  46% (90/194)   [Kremote: Compressing objects:  47% (92/194)   [Kremote: Compressing objects:  48% (94/194)   [Kremote: Compressing objects:  49% (96/194)   [Kremote: Compressing objects:  50% (97/194)   [Kremote: Compressing objects:  51% (99/194)   [Kremote: Compressing objects:  52% (101/194)   [Kremote: Compressing objects:  53% (103/194)   [Kremote: Compressing objects:  54% (105/194)   [Kremote: Compressing objects:  55% (107/194)   [Kremote: Compressing objects:  56% (109/194)   [Kremote: Compressing objects:  57% (111/194)   [Kremote: Compressing objects:  58% (113/194)   [Kremote: Compressing objects:  59% (115/194)   [Kremote: Compressing objects:  60% (117/194)   [Kremote: Compressing objects:  61% (119/194)   [Kremote: Compressing objects:  62% (121/194)   [Kremote: Compressing objects:  63% (123/194)   [Kremote: Compressing objects:  64% (125/194)   [Kremote: Compressing objects:  65% (127/194)   [Kremote: Compressing objects:  66% (129/194)   [Kremote: Compressing objects:  67% (130/194)   [Kremote: Compressing objects:  68% (132/194)   [Kremote: Compressing objects:  69% (134/194)   [Kremote: Compressing objects:  70% (136/194)   [Kremote: Compressing objects:  71% (138/194)   [Kremote: Compressing objects:  72% (140/194)   [Kremote: Compressing objects:  73% (142/194)   [Kremote: Compressing objects:  74% (144/194)   [Kremote: Compressing objects:  75% (146/194)   [Kremote: Compressing objects:  76% (148/194)   [Kremote: Compressing objects:  77% (150/194)   [Kremote: Compressing objects:  78% (152/194)   [Kremote: Compressing objects:  79% (154/194)   [Kremote: Compressing objects:  80% (156/194)   [Kremote: Compressing objects:  81% (158/194)   [Kremote: Compressing objects:  82% (160/194)   [Kremote: Compressing objects:  83% (162/194)   [Kremote: Compressing objects:  84% (163/194)   [Kremote: Compressing objects:  85% (165/194)   [Kremote: Compressing objects:  86% (167/194)   [Kremote: Compressing objects:  87% (169/194)   [Kremote: Compressing objects:  88% (171/194)   [Kremote: Compressing objects:  89% (173/194)   [Kremote: Compressing objects:  90% (175/194)   [Kremote: Compressing objects:  91% (177/194)   [Kremote: Compressing objects:  92% (179/194)   [Kremote: Compressing objects:  93% (181/194)   [Kremote: Compressing objects:  94% (183/194)   [Kremote: Compressing objects:  95% (185/194)   [Kremote: Compressing objects:  96% (187/194)   [Kremote: Compressing objects:  97% (189/194)   [Kremote: Compressing objects:  98% (191/194)   [Kremote: Compressing objects:  99% (193/194)   [Kremote: Compressing objects: 100% (194/194)   [Kremote: Compressing objects: 100% (194/194), done.[K
Receiving objects:   0% (1/203)   Receiving objects:   1% (3/203)   Receiving objects:   2% (5/203)   Receiving objects:   3% (7/203)   Receiving objects:   4% (9/203)   Receiving objects:   5% (11/203)   Receiving objects:   6% (13/203)   Receiving objects:   7% (15/203)   Receiving objects:   8% (17/203)   Receiving objects:   9% (19/203)   Receiving objects:  10% (21/203)   Receiving objects:  11% (23/203)   Receiving objects:  12% (25/203)   Receiving objects:  13% (27/203)   Receiving objects:  14% (29/203)   Receiving objects:  15% (31/203)   Receiving objects:  16% (33/203)   Receiving objects:  17% (35/203)   Receiving objects:  18% (37/203)   Receiving objects:  19% (39/203)   Receiving objects:  20% (41/203)   Receiving objects:  21% (43/203)   Receiving objects:  22% (45/203)   Receiving objects:  23% (47/203)   Receiving objects:  24% (49/203)   Receiving objects:  25% (51/203)   Receiving objects:  26% (53/203)   Receiving objects:  27% (55/203)   Receiving objects:  28% (57/203)   Receiving objects:  29% (59/203)   Receiving objects:  30% (61/203)   Receiving objects:  31% (63/203)   Receiving objects:  32% (65/203)   Receiving objects:  33% (67/203)   Receiving objects:  34% (70/203)   Receiving objects:  35% (72/203)   Receiving objects:  36% (74/203)   Receiving objects:  37% (76/203)   Receiving objects:  38% (78/203)   Receiving objects:  39% (80/203)   Receiving objects:  40% (82/203)   Receiving objects:  41% (84/203)   Receiving objects:  42% (86/203)   Receiving objects:  43% (88/203)   Receiving objects:  44% (90/203)   Receiving objects:  45% (92/203)   Receiving objects:  46% (94/203)   Receiving objects:  47% (96/203)   Receiving objects:  48% (98/203)   Receiving objects:  49% (100/203)   Receiving objects:  50% (102/203)   Receiving objects:  51% (104/203)   Receiving objects:  52% (106/203)   Receiving objects:  53% (108/203)   Receiving objects:  54% (110/203)   Receiving objects:  55% (112/203)   Receiving objects:  56% (114/203)   Receiving objects:  57% (116/203)   Receiving objects:  58% (118/203)   Receiving objects:  59% (120/203)   Receiving objects:  60% (122/203), 2.91 MiB | 5.80 MiB/s   Receiving objects:  61% (124/203), 2.91 MiB | 5.80 MiB/s   Receiving objects:  62% (126/203), 2.91 MiB | 5.80 MiB/s   Receiving objects:  63% (128/203), 2.91 MiB | 5.80 MiB/s   Receiving objects:  64% (130/203), 2.91 MiB | 5.80 MiB/s   Receiving objects:  65% (132/203), 2.91 MiB | 5.80 MiB/s   Receiving objects:  66% (134/203), 2.91 MiB | 5.80 MiB/s   Receiving objects:  67% (137/203), 2.91 MiB | 5.80 MiB/s   Receiving objects:  68% (139/203), 2.91 MiB | 5.80 MiB/s   Receiving objects:  69% (141/203), 2.91 MiB | 5.80 MiB/s   Receiving objects:  70% (143/203), 2.91 MiB | 5.80 MiB/s   Receiving objects:  71% (145/203), 2.91 MiB | 5.80 MiB/s   Receiving objects:  72% (147/203), 2.91 MiB | 5.80 MiB/s   Receiving objects:  73% (149/203), 2.91 MiB | 5.80 MiB/s   Receiving objects:  74% (151/203), 2.91 MiB | 5.80 MiB/s   Receiving objects:  75% (153/203), 2.91 MiB | 5.80 MiB/s   Receiving objects:  76% (155/203), 2.91 MiB | 5.80 MiB/s   Receiving objects:  77% (157/203), 2.91 MiB | 5.80 MiB/s   Receiving objects:  78% (159/203), 2.91 MiB | 5.80 MiB/s   remote: Total 203 (delta 84), reused 0 (delta 0)[K
Receiving objects:  79% (161/203), 2.91 MiB | 5.80 MiB/s   Receiving objects:  80% (163/203), 2.91 MiB | 5.80 MiB/s   Receiving objects:  81% (165/203), 2.91 MiB | 5.80 MiB/s   Receiving objects:  82% (167/203), 2.91 MiB | 5.80 MiB/s   Receiving objects:  83% (169/203), 2.91 MiB | 5.80 MiB/s   Receiving objects:  84% (171/203), 2.91 MiB | 5.80 MiB/s   Receiving objects:  85% (173/203), 2.91 MiB | 5.80 MiB/s   Receiving objects:  86% (175/203), 2.91 MiB | 5.80 MiB/s   Receiving objects:  87% (177/203), 2.91 MiB | 5.80 MiB/s   Receiving objects:  88% (179/203), 2.91 MiB | 5.80 MiB/s   Receiving objects:  89% (181/203), 2.91 MiB | 5.80 MiB/s   Receiving objects:  90% (183/203), 2.91 MiB | 5.80 MiB/s   Receiving objects:  91% (185/203), 2.91 MiB | 5.80 MiB/s   Receiving objects:  92% (187/203), 2.91 MiB | 5.80 MiB/s   Receiving objects:  93% (189/203), 2.91 MiB | 5.80 MiB/s   Receiving objects:  94% (191/203), 2.91 MiB | 5.80 MiB/s   Receiving objects:  95% (193/203), 2.91 MiB | 5.80 MiB/s   Receiving objects:  96% (195/203), 2.91 MiB | 5.80 MiB/s   Receiving objects:  97% (197/203), 2.91 MiB | 5.80 MiB/s   Receiving objects:  98% (199/203), 2.91 MiB | 5.80 MiB/s   Receiving objects:  99% (201/203), 2.91 MiB | 5.80 MiB/s   Receiving objects: 100% (203/203), 2.91 MiB | 5.80 MiB/s   Receiving objects: 100% (203/203), 3.04 MiB | 5.88 MiB/s, done.
Resolving deltas:   0% (0/84)   Resolving deltas:   5% (5/84)   Resolving deltas:   8% (7/84)   Resolving deltas:   9% (8/84)   Resolving deltas:  10% (9/84)   Resolving deltas:  13% (11/84)   Resolving deltas:  14% (12/84)   Resolving deltas:  16% (14/84)   Resolving deltas:  29% (25/84)   Resolving deltas:  34% (29/84)   Resolving deltas:  42% (36/84)   Resolving deltas:  44% (37/84)   Resolving deltas:  50% (42/84)   Resolving deltas:  54% (46/84)   Resolving deltas:  55% (47/84)   Resolving deltas:  60% (51/84)   Resolving deltas:  61% (52/84)   Resolving deltas:  64% (54/84)   Resolving deltas:  65% (55/84)   Resolving deltas:  67% (57/84)   Resolving deltas:  69% (58/84)   Resolving deltas:  70% (59/84)   Resolving deltas:  71% (60/84)   Resolving deltas:  79% (67/84)   Resolving deltas:  82% (69/84)   Resolving deltas:  83% (70/84)   Resolving deltas:  84% (71/84)   Resolving deltas:  85% (72/84)   Resolving deltas:  86% (73/84)   Resolving deltas:  89% (75/84)   Resolving deltas:  97% (82/84)   Resolving deltas: 100% (84/84)   Resolving deltas: 100% (84/84), done.
psilves1@g7-19:~/projects$ cd ~
psilves1@g7-19:~$ ln -s projects [K/cs3[K240 .
psilves1@g7-19:~$ cd ~.[K/gitrepo[K[K[K[K-repos/cs4[K240
bash: cd: /home/psilves1/git-repos/cs240: No such file or directory
psilves1@g7-19:~$ ls
'~'	   cs220     Documents	   git-repos   ls.log	  projects   Templates
 Arduino   cs240     Downloads	   i220b       Music	 '~.pub'     tmp
 cs120	   Desktop  '~git-repos'   lab	       Pictures   Public     Videos
psilves1@g7-19:~$ cd git-repos
psilves1@g7-19:~/git-repos$ ls
cs220  lab8.git
psilves1@g7-19:~/git-repos$ cd ..
psilves1@g7-19:~$ clear
[H[2J[3Jpsilves1@g7-19:~$ ls
'~'	   cs220     Documents	   git-repos   ls.log	  projects   Templates
 Arduino   cs240     Downloads	   i220b       Music	 '~.pub'     tmp
 cs120	   Desktop  '~git-repos'   lab	       Pictures   Public     Videos
psilves1@g7-19:~$ rm i[Kgit-repos
rm: cannot remove 'git-repos': Is a directory
psilves1@g7-19:~$ rm git-repos-git-reposrgit-repos git-repos
rm: remove write-protected regular file 'git-repos/cs220/.git/objects/pack/pack-63fa39bea7cc25d426432c06e5ccac71388b48b1.pack'? yes
rm: remove write-protected regular file 'git-repos/cs220/.git/objects/pack/pack-63fa39bea7cc25d426432c06e5ccac71388b48b1.idx'? yes
rm: remove write-protected regular file 'git-repos/cs220/.git/objects/pack/pack-366f5ee1848460e4db0dc942e225d4ed7134fb67.pack'? yes
rm: remove write-protected regular file 'git-repos/cs220/.git/objects/pack/pack-366f5ee1848460e4db0dc942e225d4ed7134fb67.idx'? ^P  ^[[A    ey  yes
rm: remove write-protected regular file 'git-repos/cs220/.git/objects/pack/pack-f9a3ceb51a84dc65b09ec518e29c3608d7f75745.pack'? yes
rm: remove write-protected regular file 'git-repos/cs220/.git/objects/pack/pack-f9a3ceb51a84dc65b09ec518e29c3608d7f75745.idx'? yes
rm: remove write-protected regular file 'git-repos/cs220/.git/objects/pack/pack-088527fd884b688868e137b6e47579b956cee0be.pack'? yes
rm: remove write-protected regular file 'git-repos/cs220/.git/objects/pack/pack-088527fd884b688868e137b6e47579b956cee0be.idx'? yes
rm: remove write-protected regular file 'git-repos/cs220/.git/objects/pack/pack-70ba47b580e95b05c789dae1c0b703a686093dc5.pack'? yes
rm: remove write-protected regular file 'git-repos/cs220/.git/objects/pack/pack-70ba47b580e95b05c789dae1c0b703a686093dc5.idx'? yes
rm: remove write-protected regular file 'git-repos/cs220/.git/objects/pack/pack-3f2d0babe057fcaeeeecd39c401b9cc5e4acbc0e.pack'? yes
rm: remove write-protected regular file 'git-repos/cs220/.git/objects/pack/pack-3f2d0babe057fcaeeeecd39c401b9cc5e4acbc0e.idx'? yes
rm: remove write-protected regular file 'git-repos/cs220/.git/objects/pack/pack-70776386dde1c494e100cc2520cb8eb3b62f4192.pack'? yes
rm: remove write-protected regular file 'git-repos/cs220/.git/objects/pack/pack-70776386dde1c494e100cc2520cb8eb3b62f4192.idx'? yes
rm: remove write-protected regular file 'git-repos/cs220/.git/objects/e2/51730cb2b5ded889abe360f89e530892913c2b'? ^C
psilves1@g7-19:~$ rm -r git-repos[3Pgit-repos[1P[1P git-repos[1Pgit-repos[1Pit-repos[1Pt-repos[1P-repos[1Prepos[1Pepos[1Ppos[1Pos[1Ps[Kexit

Script done on 2020-01-23 10:33:04-05:00 [COMMAND_EXIT_CODE="130"]
